// Jest Snapshot v1, https://goo.gl/fbAQLP

exports[`LoginForm changes the class when hovered 1`] = `
<div>
  LoginForm
</div>
`;
