// Jest Snapshot v1, https://goo.gl/fbAQLP

exports[`App changes the class when hovered 1`] = `
<div
  className="sc-bdfBQB bHKzxl"
>
  <div
    className="sc-gsTEea clljUe"
  >
    <div>
      Header
    </div>
  </div>
</div>
`;
